// Jest Snapshot v1, https://goo.gl/fbAQLP

exports[`Snapshot profile editor basic 1`] = `
.c0 {
  font-size: 14px;
  -webkit-transition: -webkit-transform 400ms ease, opacity 400ms ease;
  -webkit-transition: transform 400ms ease, opacity 400ms ease;
  transition: transform 400ms ease, opacity 400ms ease;
  opacity: 0;
  padding: 20px;
  border-radius: 3px;
  background-color: #ffffff;
  max-width: 400px;
  box-sizing: border-box;
  margin: 0 auto;
}

.c2 {
  display: block;
  width: 100%;
  box-sizing: border-box;
  text-align: center;
  font-weight: bold;
  white-space: nowrap;
  vertical-align: middle;
  -webkit-user-select: none;
  -moz-user-select: none;
  -ms-user-select: none;
  user-select: none;
  touch-action: manipulation;
  cursor: pointer;
  color: #ffffff;
  background-color: #229955;
  border: 1px solid #229955;
  padding: 9px 12px;
  font-size: 14px;
  line-height: 1.428571429;
  border-radius: 3px;
  -webkit-transition: all .15s ease-in-out;
  transition: all .15s ease-in-out;
}

.c2:focus {
  outline: 0;
  box-shadow: 0 0 0 3px rgba(34,153,85,0.5);
}

.c2:hover,
.c2:active {
  background-color: #1b7842;
  border-color: #1b7842;
}

.c2[disabled] {
  opacity: .65;
}

.c1 {
  position: relative;
}

<div
  className="c0"
>
  <form
    className="c1"
    noValidate={true}
    onSubmit={[Function]}
  >
    <button
      className="c2"
      data-testid="submit"
      disabled={false}
      type="submit"
    >
      save
    </button>
  </form>
</div>
`;
