// Jest Snapshot v1, https://goo.gl/fbAQLP

exports[`Snapshot password-reset default 1`] = `
.c1 {
  margin-bottom: 15px;
  text-align: center;
  color: #212529;
  font-weight: bold;
  font-size: 16.8px;
}

.c2 {
  text-align: center;
  margin-bottom: 10px;
  color: #495057;
}

.c0 {
  font-size: 14px;
  -webkit-transition: -webkit-transform 400ms ease, opacity 400ms ease;
  -webkit-transition: transform 400ms ease, opacity 400ms ease;
  transition: transform 400ms ease, opacity 400ms ease;
  opacity: 0;
  padding: 20px;
  border-radius: 3px;
  background-color: #ffffff;
  max-width: 400px;
  box-sizing: border-box;
  margin: 0 auto;
}

.c7 {
  display: block;
  width: 100%;
  box-sizing: border-box;
  text-align: center;
  font-weight: bold;
  white-space: nowrap;
  vertical-align: middle;
  -webkit-user-select: none;
  -moz-user-select: none;
  -ms-user-select: none;
  user-select: none;
  touch-action: manipulation;
  cursor: pointer;
  color: #ffffff;
  background-color: #229955;
  border: 1px solid #229955;
  padding: 9px 12px;
  font-size: 14px;
  line-height: 1.428571429;
  border-radius: 3px;
  -webkit-transition: all .15s ease-in-out;
  transition: all .15s ease-in-out;
}

.c7:focus {
  outline: 0;
  box-shadow: 0 0 0 3px rgba(34,153,85,0.5);
}

.c7:hover,
.c7:active {
  background-color: #1b7842;
  border-color: #1b7842;
}

.c7[disabled] {
  opacity: .65;
}

.c3 {
  position: relative;
}

.c5 {
  color: #495057;
  margin-bottom: 5px;
  display: none;
}

.c4 {
  margin-bottom: 10px;
}

.c6 {
  display: block;
  width: 100%;
  box-sizing: border-box;
  font-size: 14px;
  line-height: 1.428571429;
  color: #495057;
  border-radius: 3px;
  border-width: 1px;
  border-style: solid;
  border-color: #ced4da;
  background-color: #fff;
  background-image: none;
  padding: 9px 12px;
  -webkit-transition: border-color ease-in-out .15s, box-shadow ease-in-out .15s;
  transition: border-color ease-in-out .15s, box-shadow ease-in-out .15s;
  box-shadow: none;
  -webkit-appearance: none;
}

.c6:focus {
  border-color: #5fdb94;
  box-shadow: 0 0 0 3px rgba(95,219,148,0.5);
  outline: 0;
}

.c6:disabled,
.c6[readonly] {
  background-color: #e9ecef;
}

.c6::-webkit-input-placeholder {
  color: #868e96;
}

.c6::-moz-placeholder {
  color: #868e96;
}

.c6:-ms-input-placeholder {
  color: #868e96;
}

.c6::placeholder {
  color: #868e96;
}

<div
  className="c0"
>
  <div>
    <div
      className="c1"
    >
      Reset your password
    </div>
    <div
      className="c2"
    >
      Please type your new password.
    </div>
    <form
      className="c3"
      noValidate={true}
      onSubmit={[Function]}
    >
      <div
        className="c4"
      >
        <div
          style={
            Object {
              "position": "relative",
            }
          }
        >
          <label
            className="c5"
          >
            New password
          </label>
          <input
            autoComplete="new-password"
            className="c6"
            data-testid="password"
            name="password"
            onBlur={[Function]}
            onChange={[Function]}
            onFocus={[Function]}
            placeholder="New password"
            title="New password"
            type="password"
            value=""
          />
        </div>
      </div>
      <div
        className="c4"
      >
        <label
          className="c5"
          htmlFor="password_confirmation"
        >
          Password confirmation
        </label>
        <div
          style={
            Object {
              "position": "relative",
            }
          }
        >
          <input
            autoComplete="new-password"
            className="c6"
            data-testid="password_confirmation"
            id="password_confirmation"
            name="password_confirmation"
            onBlur={[Function]}
            onChange={[Function]}
            placeholder="Password confirmation"
            required={true}
            title="Password confirmation"
            type="password"
            value=""
          />
        </div>
      </div>
      <button
        className="c7"
        data-testid="submit"
        disabled={false}
        type="submit"
      >
        Send
      </button>
    </form>
  </div>
</div>
`;
