// Jest Snapshot v1, https://goo.gl/fbAQLP

exports[`Snapshot basic 1`] = `
.c0 {
  font-size: 14px;
  -webkit-transition: -webkit-transform 400ms ease, opacity 400ms ease;
  -webkit-transition: transform 400ms ease, opacity 400ms ease;
  transition: transform 400ms ease, opacity 400ms ease;
  opacity: 0;
  padding: 20px;
  border-radius: 3px;
  background-color: #ffffff;
  max-width: 400px;
  box-sizing: border-box;
  margin: 0 auto;
}

.c4 {
  width: 28px;
  height: 28px;
  fill: #495057;
  -webkit-flex-shrink: 0;
  -ms-flex-negative: 0;
  flex-shrink: 0;
}

.c2 {
  width: 28px;
  height: 28px;
  fill: #495057;
  -webkit-flex-shrink: 0;
  -ms-flex-negative: 0;
  flex-shrink: 0;
}

.c1 {
  padding: 9px 38px;
  border: 1px solid #ced4da;
  color: #495057;
  box-sizing: border-box;
  white-space: nowrap;
  vertical-align: middle;
  position: relative;
  display: -webkit-box;
  display: -webkit-flex;
  display: -ms-flexbox;
  display: flex;
  -webkit-flex-direction: row;
  -ms-flex-direction: row;
  flex-direction: row;
  -webkit-align-items: center;
  -webkit-box-align: center;
  -ms-flex-align: center;
  align-items: center;
  color: #495057;
  line-height: 1.5;
}

.c1:only-child {
  border-radius: 3px;
}

.c1:not(:only-child):first-child {
  border-radius: 3px 3px 0 0;
}

.c1:not(:only-child):last-child {
  border-radius: 0 0 3px 3px;
}

.c1:not(:only-child):not(:last-child) {
  border-bottom-width: 0;
}

.c3 {
  margin-left: 38px;
  white-space: initial;
}

<div
  className="c0"
>
  <div>
    <div
      className="c1"
    >
      <svg
        className="c2"
      />
      <div
        className="c3"
      >
        <div
          style={
            {
              "fontWeight": "bold",
            }
          }
        >
          identifier
        </div>
        <div>
          33612345678
        </div>
        <div>
          <span>
            mfaList.createdAt
             : 
          </span>
          <time
            dateTime="2022-09-21"
          >
            21/09/2022
          </time>
        </div>
      </div>
    </div>
    <div
      className="c1"
    >
      <svg
        className="c4"
      />
      <div
        className="c3"
      >
        <div
          style={
            {
              "fontWeight": "bold",
            }
          }
        >
          identifier
        </div>
        <div>
          root@reach5.co
        </div>
        <div>
          <span>
            mfaList.createdAt
             : 
          </span>
          <time
            dateTime="2022-09-21"
          >
            21/09/2022
          </time>
        </div>
      </div>
    </div>
  </div>
</div>
`;

exports[`Snapshot empty 1`] = `
.c1 {
  text-align: center;
  margin-bottom: 10px;
  color: #495057;
}

.c0 {
  font-size: 14px;
  -webkit-transition: -webkit-transform 400ms ease, opacity 400ms ease;
  -webkit-transition: transform 400ms ease, opacity 400ms ease;
  transition: transform 400ms ease, opacity 400ms ease;
  opacity: 0;
  padding: 20px;
  border-radius: 3px;
  background-color: #ffffff;
  max-width: 400px;
  box-sizing: border-box;
  margin: 0 auto;
}

<div
  className="c0"
>
  <div>
    <div
      className="c1"
    >
      mfaList.noCredentials
    </div>
  </div>
</div>
`;
