// Jest Snapshot v1, https://goo.gl/fbAQLP

exports[`Snapshot basic 1`] = `
.c0 {
  font-size: 14px;
  -webkit-transition: -webkit-transform 400ms ease, opacity 400ms ease;
  -webkit-transition: transform 400ms ease, opacity 400ms ease;
  transition: transform 400ms ease, opacity 400ms ease;
  opacity: 0;
  padding: 20px;
  border-radius: 3px;
  background-color: #ffffff;
  max-width: 400px;
  box-sizing: border-box;
  margin: 0 auto;
}

<div
  className="c0"
/>
`;

exports[`Snapshot empty 1`] = `
.c0 {
  font-size: 14px;
  -webkit-transition: -webkit-transform 400ms ease, opacity 400ms ease;
  -webkit-transition: transform 400ms ease, opacity 400ms ease;
  transition: transform 400ms ease, opacity 400ms ease;
  opacity: 0;
  padding: 20px;
  border-radius: 3px;
  background-color: #ffffff;
  max-width: 400px;
  box-sizing: border-box;
  margin: 0 auto;
}

<div
  className="c0"
/>
`;
