// Jest Snapshot v1, https://goo.gl/fbAQLP

exports[`Snapshot basic 1`] = `
.c0 {
  font-size: 14px;
  -webkit-transition: -webkit-transform 400ms ease, opacity 400ms ease;
  -webkit-transition: transform 400ms ease, opacity 400ms ease;
  transition: transform 400ms ease, opacity 400ms ease;
  opacity: 0;
  padding: 20px;
  border-radius: 3px;
  background-color: #ffffff;
  max-width: 400px;
  box-sizing: border-box;
  margin: 0 auto;
}

<div>
  <div
    class="c0"
  >
    <div>
      <div
        class="flex flex-col "
        data-testid="credential"
        id="credential-0"
      >
        <div
          class="flex flex-row items-center rounded"
        >
          <div
            class="flex flex-row basis-full items-center rounded align-middle whitespace-nowrap box-border p-generic border-solid border-generic border-border"
          >
            <svg
              class="lucide lucide-message-square-more bg-background w-icon h-icon stroke-textColor"
              fill="none"
              height="24"
              stroke="currentColor"
              stroke-linecap="round"
              stroke-linejoin="round"
              stroke-width="2"
              viewBox="0 0 24 24"
              width="24"
              xmlns="http://www.w3.org/2000/svg"
            >
              <path
                d="M21 15a2 2 0 0 1-2 2H7l-4 4V5a2 2 0 0 1 2-2h14a2 2 0 0 1 2 2z"
              />
              <path
                d="M8 10h.01"
              />
              <path
                d="M12 10h.01"
              />
              <path
                d="M16 10h.01"
              />
            </svg>
            <div
              class="ml-innerBlock w-max justify-items-stretch text-textColor"
            >
              <div
                class="font-bold"
              >
                identifier
              </div>
              <div>
                33612345678
              </div>
              <div>
                <span>
                  mfaList.createdAt
                   : 
                </span>
                <time
                  datetime="2022-09-21"
                >
                  21/09/2022
                </time>
              </div>
            </div>
          </div>
        </div>
      </div>
      <div
        class="flex flex-col "
        data-testid="credential"
        id="credential-1"
      >
        <div
          class="flex flex-row items-center rounded"
        >
          <div
            class="flex flex-row basis-full items-center rounded align-middle whitespace-nowrap box-border p-generic border-solid border-generic border-border"
          >
            <svg
              class="lucide lucide-mail bg-background w-icon h-icon stroke-textColor"
              fill="none"
              height="24"
              stroke="currentColor"
              stroke-linecap="round"
              stroke-linejoin="round"
              stroke-width="2"
              viewBox="0 0 24 24"
              width="24"
              xmlns="http://www.w3.org/2000/svg"
            >
              <rect
                height="16"
                rx="2"
                width="20"
                x="2"
                y="4"
              />
              <path
                d="m22 7-8.97 5.7a1.94 1.94 0 0 1-2.06 0L2 7"
              />
            </svg>
            <div
              class="ml-innerBlock w-max justify-items-stretch text-textColor"
            >
              <div
                class="font-bold"
              >
                identifier
              </div>
              <div>
                root@reach5.co
              </div>
              <div>
                <span>
                  mfaList.createdAt
                   : 
                </span>
                <time
                  datetime="2022-09-21"
                >
                  21/09/2022
                </time>
              </div>
            </div>
          </div>
        </div>
      </div>
    </div>
  </div>
</div>
`;

exports[`Snapshot empty 1`] = `
.c0 {
  font-size: 14px;
  -webkit-transition: -webkit-transform 400ms ease, opacity 400ms ease;
  -webkit-transition: transform 400ms ease, opacity 400ms ease;
  transition: transform 400ms ease, opacity 400ms ease;
  opacity: 0;
  padding: 20px;
  border-radius: 3px;
  background-color: #ffffff;
  max-width: 400px;
  box-sizing: border-box;
  margin: 0 auto;
}

<div>
  <div
    class="c0"
  >
    <div>
      <div
        class="text-textColor mb-1 text-center"
      >
        mfaList.noCredentials
      </div>
    </div>
  </div>
</div>
`;
